[    0.000000] Linux version 4.15.0-167-generic (buildd@lcy02-amd64-045) (gcc version 7.5.0 (Ubuntu 7.5.0-3ubuntu1~18.04)) #175-Ubuntu SMP Wed Jan 5 01:56:07 UTC 2022 (Ubuntu 4.15.0-167.175-generic 4.15.18)
[    0.000000] Command line: BOOT_IMAGE=/boot/vmlinuz-4.15.0-167-generic root=LABEL=cloudimg-rootfs ro console=tty1 console=ttyS0
[    0.000000] KERNEL supported cpus:
[    0.000000]   Intel GenuineIntel
[    0.000000]   AMD AuthenticAMD
[    0.000000]   Centaur CentaurHauls
[    0.000000] x86/fpu: Supporting XSAVE feature 0x001: 'x87 floating point registers'
[    0.000000] x86/fpu: Supporting XSAVE feature 0x002: 'SSE registers'
[    0.000000] x86/fpu: Supporting XSAVE feature 0x004: 'AVX registers'
[    0.000000] x86/fpu: xstate_offset[2]:  576, xstate_sizes[2]:  256
[    0.000000] x86/fpu: Enabled xstate features 0x7, context size is 832 bytes, using 'standard' format.
[    0.000000] e820: BIOS-provided physical RAM map:
[    0.000000] BIOS-e820: [mem 0x0000000000000000-0x000000000009fbff] usable
[    0.000000] BIOS-e820: [mem 0x000000000009fc00-0x000000000009ffff] reserved
[    0.000000] BIOS-e820: [mem 0x00000000000f0000-0x00000000000fffff] reserved
[    0.000000] BIOS-e820: [mem 0x0000000000100000-0x000000003ffeffff] usable
[    0.000000] BIOS-e820: [mem 0x000000003fff0000-0x000000003fffffff] ACPI data
[    0.000000] BIOS-e820: [mem 0x00000000fec00000-0x00000000fec00fff] reserved
[    0.000000] BIOS-e820: [mem 0x00000000fee00000-0x00000000fee00fff] reserved
[    0.000000] BIOS-e820: [mem 0x00000000fffc0000-0x00000000ffffffff] reserved
[    0.000000] NX (Execute Disable) protection: active
[    0.000000] SMBIOS 2.5 present.
[    0.000000] DMI: innotek GmbH VirtualBox/VirtualBox, BIOS VirtualBox 12/01/2006
[    0.000000] Hypervisor detected: KVM
[    0.000000] e820: last_pfn = 0x3fff0 max_arch_pfn = 0x400000000
[    0.000000] MTRR: Disabled
[    0.000000] x86/PAT: MTRRs disabled, skipping PAT initialization too.
[    0.000000] CPU MTRRs all blank - virtualized system.
[    0.000000] x86/PAT: Configuration [0-7]: WB  WT  UC- UC  WB  WT  UC- UC  
[    0.000000] found SMP MP-table at [mem 0x0009fff0-0x0009ffff]
[    0.000000] Scanning 1 areas for low memory corruption
[    0.000000] RAMDISK: [mem 0x359cd000-0x36cddfff]
[    0.000000] ACPI: Early table checksum verification disabled
[    0.000000] ACPI: RSDP 0x00000000000E0000 000024 (v02 VBOX  )
[    0.000000] ACPI: XSDT 0x000000003FFF0030 00003C (v01 VBOX   VBOXXSDT 00000001 ASL  00000061)
[    0.000000] ACPI: FACP 0x000000003FFF00F0 0000F4 (v04 VBOX   VBOXFACP 00000001 ASL  00000061)
[    0.000000] ACPI: DSDT 0x000000003FFF0470 0022EA (v02 VBOX   VBOXBIOS 00000002 INTL 20100528)
[    0.000000] ACPI: FACS 0x000000003FFF0200 000040
[    0.000000] ACPI: FACS 0x000000003FFF0200 000040
[    0.000000] ACPI: APIC 0x000000003FFF0240 000054 (v02 VBOX   VBOXAPIC 00000001 ASL  00000061)
[    0.000000] ACPI: SSDT 0x000000003FFF02A0 0001CC (v01 VBOX   VBOXCPUT 00000002 INTL 20100528)
[    0.000000] ACPI: Reserving FACP table memory at [mem 0x3fff00f0-0x3fff01e3]
[    0.000000] ACPI: Reserving DSDT table memory at [mem 0x3fff0470-0x3fff2759]
[    0.000000] ACPI: Reserving FACS table memory at [mem 0x3fff0200-0x3fff023f]
[    0.000000] ACPI: Reserving FACS table memory at [mem 0x3fff0200-0x3fff023f]
[    0.000000] ACPI: Reserving APIC table memory at [mem 0x3fff0240-0x3fff0293]
[    0.000000] ACPI: Reserving SSDT table memory at [mem 0x3fff02a0-0x3fff046b]
[    0.000000] No NUMA configuration found
[    0.000000] Faking a node at [mem 0x0000000000000000-0x000000003ffeffff]
[    0.000000] NODE_DATA(0) allocated [mem 0x3ffc5000-0x3ffeffff]
[    0.000000] kvm-clock: cpu 0, msr 0:3ff44001, primary cpu clock
[    0.000000] kvm-clock: Using msrs 4b564d01 and 4b564d00
[    0.000000] kvm-clock: using sched offset of 3503460883 cycles
[    0.000000] clocksource: kvm-clock: mask: 0xffffffffffffffff max_cycles: 0x1cd42e4dffb, max_idle_ns: 881590591483 ns
[    0.000000] Zone ranges:
[    0.000000]   DMA      [mem 0x0000000000001000-0x0000000000ffffff]
[    0.000000]   DMA32    [mem 0x0000000001000000-0x000000003ffeffff]
[    0.000000]   Normal   empty
[    0.000000]   Device   empty
[    0.000000] Movable zone start for each node
[    0.000000] Early memory node ranges
[    0.000000]   node   0: [mem 0x0000000000001000-0x000000000009efff]
[    0.000000]   node   0: [mem 0x0000000000100000-0x000000003ffeffff]
[    0.000000] Reserved but unavailable: 104 pages
[    0.000000] Initmem setup node 0 [mem 0x0000000000001000-0x000000003ffeffff]
[    0.000000] ACPI: PM-Timer IO Port: 0x4008
[    0.000000] IOAPIC[0]: apic_id 1, version 32, address 0xfec00000, GSI 0-23
[    0.000000] ACPI: INT_SRC_OVR (bus 0 bus_irq 0 global_irq 2 dfl dfl)
[    0.000000] ACPI: INT_SRC_OVR (bus 0 bus_irq 9 global_irq 9 low level)
[    0.000000] Using ACPI (MADT) for SMP configuration information
[    0.000000] smpboot: Allowing 1 CPUs, 0 hotplug CPUs
[    0.000000] PM: Registered nosave memory: [mem 0x00000000-0x00000fff]
[    0.000000] PM: Registered nosave memory: [mem 0x0009f000-0x0009ffff]
[    0.000000] PM: Registered nosave memory: [mem 0x000a0000-0x000effff]
[    0.000000] PM: Registered nosave memory: [mem 0x000f0000-0x000fffff]
[    0.000000] e820: [mem 0x40000000-0xfebfffff] available for PCI devices
[    0.000000] Booting paravirtualized kernel on KVM
[    0.000000] clocksource: refined-jiffies: mask: 0xffffffff max_cycles: 0xffffffff, max_idle_ns: 7645519600211568 ns
[    0.000000] random: get_random_bytes called from start_kernel+0x99/0x500 with crng_init=0
[    0.000000] setup_percpu: NR_CPUS:8192 nr_cpumask_bits:1 nr_cpu_ids:1 nr_node_ids:1
[    0.000000] percpu: Embedded 50 pages/cpu s167936 r8192 d28672 u2097152
[    0.000000] PV qspinlock hash table entries: 256 (order: 0, 4096 bytes)
[    0.000000] Built 1 zonelists, mobility grouping on.  Total pages: 257913
[    0.000000] Policy zone: DMA32
[    0.000000] Kernel command line: BOOT_IMAGE=/boot/vmlinuz-4.15.0-167-generic root=LABEL=cloudimg-rootfs ro console=tty1 console=ttyS0
[    0.000000] Memory: 982844K/1048120K available (12300K kernel code, 2483K rwdata, 4324K rodata, 2476K init, 2724K bss, 65276K reserved, 0K cma-reserved)
[    0.000000] SLUB: HWalign=64, Order=0-3, MinObjects=0, CPUs=1, Nodes=1
[    0.000000] ftrace: allocating 39494 entries in 155 pages
[    0.004000] Hierarchical RCU implementation.
[    0.004000] 	RCU restricting CPUs from NR_CPUS=8192 to nr_cpu_ids=1.
[    0.004000] 	Tasks RCU enabled.
[    0.004000] RCU: Adjusting geometry for rcu_fanout_leaf=16, nr_cpu_ids=1
[    0.004000] NR_IRQS: 524544, nr_irqs: 256, preallocated irqs: 16
[    0.004000] Console: colour VGA+ 80x25
[    0.004000] console [tty1] enabled
[    0.004000] console [ttyS0] enabled
[    0.004000] ACPI: Core revision 20170831
[    0.004000] ACPI: 2 ACPI AML tables successfully acquired and loaded
[    0.004000] APIC: Switch to symmetric I/O mode setup
[    0.004000] x2apic enabled
[    0.004000] Switched APIC routing to physical x2apic.
[    0.004000] ..TIMER: vector=0x30 apic1=0 pin1=2 apic2=-1 pin2=-1
[    0.004000] tsc: Detected 3696.000 MHz processor
[    0.004005] Calibrating delay loop (skipped) preset value.. 7392.00 BogoMIPS (lpj=14784000)
[    0.005054] pid_max: default: 32768 minimum: 301
[    0.005666] Security Framework initialized
[    0.006230] Yama: becoming mindful.
[    0.006773] AppArmor: AppArmor initialized
[    0.008000] Dentry cache hash table entries: 131072 (order: 8, 1048576 bytes)
[    0.008035] Inode-cache hash table entries: 65536 (order: 7, 524288 bytes)
[    0.008974] Mount-cache hash table entries: 2048 (order: 2, 16384 bytes)
[    0.009893] Mountpoint-cache hash table entries: 2048 (order: 2, 16384 bytes)
[    0.012179] process: using mwait in idle threads
[    0.012774] Last level iTLB entries: 4KB 128, 2MB 8, 4MB 8
[    0.013492] Last level dTLB entries: 4KB 64, 2MB 0, 4MB 0, 1GB 4
[    0.014393] Spectre V1 : Mitigation: usercopy/swapgs barriers and __user pointer sanitization
[    0.016013] unchecked MSR access error: WRMSR to 0x48 (tried to write 0x0000000000000001) at rIP: 0xffffffffa006e1b8 (native_write_msr+0x8/0x30)
[    0.017375] Call Trace:
[    0.017714]  wrmsrl+0x16/0x20
[    0.018075]  check_bugs+0x263/0xa1b
[    0.018530]  ? delayacct_init+0x52/0x70
[    0.018965]  start_kernel+0x4b8/0x500
[    0.020003]  x86_64_start_reservations+0x24/0x26
[    0.020542]  x86_64_start_kernel+0x74/0x77
[    0.020986]  secondary_startup_64+0xa5/0xb0
[    0.021438] Spectre V2 : Mitigation: Enhanced IBRS
[    0.021944] Spectre V2 : Spectre v2 / SpectreRSB mitigation: Filling RSB on context switch
[    0.022827] Speculative Store Bypass: Vulnerable
[    0.023393] SRBDS: Mitigation: TSX disabled
[    0.028864] Freeing SMP alternatives memory: 36K
[    0.138656] smpboot: CPU0: Intel(R) Core(TM) i5-9600KF CPU @ 3.70GHz (family: 0x6, model: 0x9e, stepping: 0xd)
[    0.139995] Performance Events: unsupported p6 CPU model 158 no PMU driver, software events only.
[    0.140000] Hierarchical SRCU implementation.
[    0.140000] NMI watchdog: Perf event create on CPU 0 failed with -2
[    0.140001] NMI watchdog: Perf NMI watchdog permanently disabled
[    0.140781] smp: Bringing up secondary CPUs ...
[    0.141387] smp: Brought up 1 node, 1 CPU
[    0.141931] smpboot: Max logical packages: 1
[    0.142529] smpboot: Total of 1 processors activated (7392.00 BogoMIPS)
[    0.143520] devtmpfs: initialized
[    0.144035] x86/mm: Memory block size: 128MB
[    0.144758] evm: security.selinux
[    0.145252] evm: security.SMACK64
[    0.145711] evm: security.SMACK64EXEC
[    0.146221] evm: security.SMACK64TRANSMUTE
[    0.146845] evm: security.SMACK64MMAP
[    0.147326] evm: security.apparmor
[    0.148002] evm: security.ima
[    0.148444] evm: security.capability
[    0.149104] clocksource: jiffies: mask: 0xffffffff max_cycles: 0xffffffff, max_idle_ns: 7645041785100000 ns
[    0.150469] futex hash table entries: 256 (order: 2, 16384 bytes)
[    0.151206] pinctrl core: initialized pinctrl subsystem
[    0.152016] RTC time: 18:54:11, date: 02/08/22
[    0.152550] NET: Registered protocol family 16
[    0.153080] audit: initializing netlink subsys (disabled)
[    0.153724] cpuidle: using governor ladder
[    0.154203] cpuidle: using governor menu
[    0.154657] ACPI: bus type PCI registered
[    0.155115] acpiphp: ACPI Hot Plug PCI Controller Driver version: 0.5
[    0.156060] PCI: Using configuration type 1 for base access
[    0.156660] audit: type=2000 audit(1644346456.742:1): state=initialized audit_enabled=0 res=1
[    0.158186] HugeTLB registered 2.00 MiB page size, pre-allocated 0 pages
[    0.160073] ACPI: Added _OSI(Module Device)
[    0.164002] ACPI: Added _OSI(Processor Device)
[    0.164586] ACPI: Added _OSI(3.0 _SCP Extensions)
[    0.165251] ACPI: Added _OSI(Processor Aggregator Device)
[    0.165999] ACPI: Added _OSI(Linux-Dell-Video)
[    0.166608] ACPI: Added _OSI(Linux-Lenovo-NV-HDMI-Audio)
[    0.167303] ACPI: Added _OSI(Linux-HPI-Hybrid-Graphics)
[    0.168200] ACPI: Executed 1 blocks of module-level executable AML code
[    0.171116] ACPI: Interpreter enabled
[    0.172009] ACPI: (supports S0 S5)
[    0.172447] ACPI: Using IOAPIC for interrupt routing
[    0.173330] PCI: Using host bridge windows from ACPI; if necessary, use "pci=nocrs" and report a bug
[    0.174666] ACPI: Enabled 2 GPEs in block 00 to 07
[    0.179231] ACPI: PCI Root Bridge [PCI0] (domain 0000 [bus 00-ff])
[    0.180000] acpi PNP0A03:00: _OSC: OS supports [ASPM ClockPM Segments MSI]
[    0.180313] acpi PNP0A03:00: _OSC: not requesting OS control; OS requires [ExtendedConfig ASPM ClockPM MSI]
[    0.181965] acpi PNP0A03:00: fail to add MMCONFIG information, can't access extended PCI configuration space under this bridge.
[    0.184199] PCI host bridge to bus 0000:00
[    0.184785] pci_bus 0000:00: root bus resource [io  0x0000-0x0cf7 window]
[    0.185664] pci_bus 0000:00: root bus resource [io  0x0d00-0xffff window]
[    0.186534] pci_bus 0000:00: root bus resource [mem 0x000a0000-0x000bffff window]
[    0.188002] pci_bus 0000:00: root bus resource [mem 0x40000000-0xfdffffff window]
[    0.188989] pci_bus 0000:00: root bus resource [bus 00-ff]
[    0.190867] pci 0000:00:01.1: legacy IDE quirk: reg 0x10: [io  0x01f0-0x01f7]
[    0.191622] pci 0000:00:01.1: legacy IDE quirk: reg 0x14: [io  0x03f6]
[    0.192002] pci 0000:00:01.1: legacy IDE quirk: reg 0x18: [io  0x0170-0x0177]
[    0.192848] pci 0000:00:01.1: legacy IDE quirk: reg 0x1c: [io  0x0376]
[    0.202068] pci 0000:00:07.0: quirk: [io  0x4000-0x403f] claimed by PIIX4 ACPI
[    0.203104] pci 0000:00:07.0: quirk: [io  0x4100-0x410f] claimed by PIIX4 SMB
[    0.208285] ACPI: PCI Interrupt Link [LNKA] (IRQs 5 9 10 *11)
[    0.209120] ACPI: PCI Interrupt Link [LNKB] (IRQs 5 9 *10 11)
[    0.209817] ACPI: PCI Interrupt Link [LNKC] (IRQs 5 *9 10 11)
[    0.210551] ACPI: PCI Interrupt Link [LNKD] (IRQs 5 9 10 *11)
[    0.211355] SCSI subsystem initialized
[    0.211832] pci 0000:00:02.0: vgaarb: setting as boot VGA device
[    0.212000] pci 0000:00:02.0: vgaarb: VGA device added: decodes=io+mem,owns=io+mem,locks=none
[    0.212002] pci 0000:00:02.0: vgaarb: bridge control possible
[    0.212611] vgaarb: loaded
[    0.213003] ACPI: bus type USB registered
[    0.213458] usbcore: registered new interface driver usbfs
[    0.214053] usbcore: registered new interface driver hub
[    0.214628] usbcore: registered new device driver usb
[    0.216032] EDAC MC: Ver: 3.0.0
[    0.216578] PCI: Using ACPI for IRQ routing
[    0.217216] NetLabel: Initializing
[    0.217614] NetLabel:  domain hash size = 128
[    0.218091] NetLabel:  protocols = UNLABELED CIPSOv4 CALIPSO
[    0.218708] NetLabel:  unlabeled traffic allowed by default
[    0.219356] clocksource: Switched to clocksource kvm-clock
[    0.235437] VFS: Disk quotas dquot_6.6.0
[    0.236035] VFS: Dquot-cache hash table entries: 512 (order 0, 4096 bytes)
[    0.236899] AppArmor: AppArmor Filesystem Enabled
[    0.237544] pnp: PnP ACPI init
[    0.238682] pnp: PnP ACPI: found 3 devices
[    0.244261] clocksource: acpi_pm: mask: 0xffffff max_cycles: 0xffffff, max_idle_ns: 2085701024 ns
[    0.245361] NET: Registered protocol family 2
[    0.245967] IP idents hash table entries: 16384 (order: 5, 131072 bytes)
[    0.246962] TCP established hash table entries: 8192 (order: 4, 65536 bytes)
[    0.247848] TCP bind hash table entries: 8192 (order: 5, 131072 bytes)
[    0.248777] TCP: Hash tables configured (established 8192 bind 8192)
[    0.249598] UDP hash table entries: 512 (order: 2, 16384 bytes)
[    0.250393] UDP-Lite hash table entries: 512 (order: 2, 16384 bytes)
[    0.251197] NET: Registered protocol family 1
[    0.251759] pci 0000:00:00.0: Limiting direct PCI/PCI transfers
[    0.252562] pci 0000:00:01.0: Activating ISA DMA hang workarounds
[    0.253428] pci 0000:00:02.0: Video device with shadowed ROM at [mem 0x000c0000-0x000dffff]
[    0.254548] Unpacking initramfs...
[    0.569227] Freeing initrd memory: 19524K
[    0.569943] clocksource: tsc: mask: 0xffffffffffffffff max_cycles: 0x6a8d280fdb9, max_idle_ns: 881591151302 ns
[    0.571279] platform rtc_cmos: registered platform RTC device (no PNP device found)
[    0.572310] Scanning for low memory corruption every 60 seconds
[    0.573395] Initialise system trusted keyrings
[    0.574067] Key type blacklist registered
[    0.574638] workingset: timestamp_bits=36 max_order=18 bucket_order=0
[    0.576087] zbud: loaded
[    0.576675] squashfs: version 4.0 (2009/01/31) Phillip Lougher
[    0.577473] fuse init (API version 7.26)
[    0.578496] Key type asymmetric registered
[    0.579108] Asymmetric key parser 'x509' registered
[    0.579778] Block layer SCSI generic (bsg) driver version 0.4 loaded (major 246)
[    0.580737] io scheduler noop registered
[    0.581231] io scheduler deadline registered
[    0.581939] io scheduler cfq registered (default)
[    0.582791] ACPI: AC Adapter [AC] (on-line)
[    0.583401] input: Power Button as /devices/LNXSYSTM:00/LNXPWRBN:00/input/input0
[    0.584426] ACPI: Power Button [PWRF]
[    0.584994] input: Sleep Button as /devices/LNXSYSTM:00/LNXSLPBN:00/input/input1
[    0.586039] ACPI: Sleep Button [SLPF]
[    0.586654] Serial: 8250/16550 driver, 32 ports, IRQ sharing enabled
[    0.607858] 00:02: ttyS0 at I/O 0x3f8 (irq = 4, base_baud = 115200) is a 16550A
[    0.609755] Linux agpgart interface v0.103
[    0.610862] loop: module loaded
[    0.611616] scsi host0: ata_piix
[    0.612175] scsi host1: ata_piix
[    0.612682] ata1: PATA max UDMA/33 cmd 0x1f0 ctl 0x3f6 bmdma 0xd000 irq 14
[    0.613594] ata2: PATA max UDMA/33 cmd 0x170 ctl 0x376 bmdma 0xd008 irq 15
[    0.614767] libphy: Fixed MDIO Bus: probed
[    0.615313] tun: Universal TUN/TAP device driver, 1.6
[    0.615994] PPP generic driver version 2.4.2
[    0.616596] ehci_hcd: USB 2.0 'Enhanced' Host Controller (EHCI) Driver
[    0.617497] ehci-pci: EHCI PCI platform driver
[    0.618175] ehci-platform: EHCI generic platform driver
[    0.618849] ohci_hcd: USB 1.1 'Open' Host Controller (OHCI) Driver
[    0.619644] ohci-pci: OHCI PCI platform driver
[    0.620493] ohci-platform: OHCI generic platform driver
[    0.621238] uhci_hcd: USB Universal Host Controller Interface driver
[    0.622087] i8042: PNP: PS/2 Controller [PNP0303:PS2K,PNP0f03:PS2M] at 0x60,0x64 irq 1,12
[    0.623581] serio: i8042 KBD port at 0x60,0x64 irq 1
[    0.624237] serio: i8042 AUX port at 0x60,0x64 irq 12
[    0.625002] mousedev: PS/2 mouse device common for all mice
[    0.625962] input: AT Translated Set 2 keyboard as /devices/platform/i8042/serio0/input/input2
[    0.627379] rtc_cmos rtc_cmos: rtc core: registered rtc_cmos as rtc0
[    0.628493] rtc_cmos rtc_cmos: alarms up to one day, 114 bytes nvram
[    0.629281] i2c /dev entries driver
[    0.629700] device-mapper: uevent: version 1.0.3
[    0.630225] device-mapper: ioctl: 4.37.0-ioctl (2017-09-20) initialised: dm-devel@redhat.com
[    0.631103] ledtrig-cpu: registered to indicate activity on CPUs
[    0.631854] intel_pmc_core:  initialized
[    0.632400] NET: Registered protocol family 10
[    0.634340] Segment Routing with IPv6
[    0.634759] NET: Registered protocol family 17
[    0.635253] Key type dns_resolver registered
[    0.635872] mce: Using 0 MCE banks
[    0.636306] RAS: Correctable Errors collector initialized.
[    0.636893] sched_clock: Marking stable (636296213, 0)->(759771806, -123475593)
[    0.637725] registered taskstats version 1
[    0.638184] Loading compiled-in X.509 certificates
[    0.639991] Loaded X.509 cert 'Build time autogenerated kernel key: 51c91b167e8daada285dd448a981da05683ebd03'
[    0.641529] Loaded X.509 cert 'Canonical Ltd. Live Patch Signing: 14df34d1a87cf37625abec039ef2bf521249b969'
[    0.642958] Loaded X.509 cert 'Canonical Ltd. Kernel Module Signing: 88f752e560a1e0737e31163a466ad7b70a850c19'
[    0.644008] blacklist: Loading compiled-in revocation X.509 certificates
[    0.644759] Loaded X.509 cert 'Canonical Ltd. Secure Boot Signing: 61482aa2830d0ab2ad5af10b7250da9033ddcef0'
[    0.645788] zswap: loaded using pool lzo/zbud
[    0.647586] Key type big_key registered
[    0.648067] Key type trusted registered
[    0.649126] Key type encrypted registered
[    0.649579] AppArmor: AppArmor sha1 policy hashing enabled
[    0.650171] ima: No TPM chip found, activating TPM-bypass! (rc=-19)
[    0.650830] ima: Allocated hash algorithm: sha1
[    0.651334] evm: HMAC attrs: 0x1
[    0.651863]   Magic number: 10:376:948
[    0.652341] tty tty5: hash matches
[    0.652738] memory memory1: hash matches
[    0.653220] rtc_cmos rtc_cmos: setting system clock to 2022-02-08 18:54:12 UTC (1644346452)
[    0.654143] BIOS EDD facility v0.16 2004-Jun-25, 0 devices found
[    0.654777] EDD information not available.
[    0.786366] Freeing unused kernel image memory: 2476K
[    0.792008] Write protecting the kernel read-only data: 20480k
[    0.793094] Freeing unused kernel image memory: 2008K
[    0.793857] Freeing unused kernel image memory: 1820K
[    0.800377] x86/mm: Checked W+X mappings: passed, no W+X pages found.
Loading, please wait...
starting version 237
[    0.858998] e1000: Intel(R) PRO/1000 Network Driver - version 7.3.21-k8-NAPI
[    0.859889] e1000: Copyright (c) 1999-2006 Intel Corporation.
[    0.865953] Fusion MPT base driver 3.04.20
[    0.866609] Copyright (c) 1999-2008 LSI Corporation
[    0.886360] AVX2 version of gcm_enc/dec engaged.
[    0.887067] AES CTR mode by8 optimization enabled
[    0.895714] Fusion MPT SPI Host driver 3.04.20
[    1.075241] input: ImExPS/2 Generic Explorer Mouse as /devices/platform/i8042/serio1/input/input4
[    1.238362] e1000 0000:00:03.0 eth0: (PCI:33MHz:32-bit) 02:e8:64:37:14:18
[    1.240701] e1000 0000:00:03.0 eth0: Intel(R) PRO/1000 Network Connection
[    1.244191] mptbase: ioc0: Initiating bringup
[    1.341216] ioc0: LSI53C1030 A0: Capabilities={Initiator}
[    1.588862] scsi host2: ioc0: LSI53C1030 A0, FwRev=00000000h, Ports=1, MaxQ=256, IRQ=20
[    1.761586] scsi 2:0:0:0: Direct-Access     VBOX     HARDDISK         1.0  PQ: 0 ANSI: 5
[    1.762914] scsi target2:0:0: Beginning Domain Validation
[    1.765390] scsi target2:0:0: Domain Validation skipping write tests
[    1.766206] scsi target2:0:0: Ending Domain Validation
[    1.767087] scsi target2:0:0: asynchronous
[    1.767713] random: fast init done
[    1.768676] scsi 2:0:1:0: Direct-Access     VBOX     HARDDISK         1.0  PQ: 0 ANSI: 5
[    1.769712] scsi target2:0:1: Beginning Domain Validation
[    1.771140] scsi target2:0:1: Domain Validation skipping write tests
[    1.771920] scsi target2:0:1: Ending Domain Validation
[    1.772640] scsi target2:0:1: asynchronous
[    1.775725] random: systemd-udevd: uninitialized urandom read (16 bytes read)
[    1.776627] random: systemd-udevd: uninitialized urandom read (16 bytes read)
[    1.777548] random: systemd-udevd: uninitialized urandom read (16 bytes read)
[    1.778753] sd 2:0:0:0: [sda] 83886080 512-byte logical blocks: (42.9 GB/40.0 GiB)
[    1.779862] sd 2:0:0:0: Attached scsi generic sg0 type 0
[    1.780625] sd 2:0:0:0: [sda] Write Protect is off
[    1.781380] sd 2:0:0:0: [sda] Incomplete mode parameter data
[    1.782134] sd 2:0:0:0: [sda] Assuming drive cache: write through
[    1.783200] sd 2:0:1:0: [sdb] 20480 512-byte logical blocks: (10.5 MB/10.0 MiB)
[    1.784351] sd 2:0:1:0: [sdb] Write Protect is off
[    1.785193] sd 2:0:1:0: [sdb] Incomplete mode parameter data
[    1.785946] sd 2:0:1:0: [sdb] Assuming drive cache: write through
[    1.786741] sd 2:0:1:0: Attached scsi generic sg1 type 0
[    1.795741]  sda: sda1
[    1.808259] sd 2:0:0:0: [sda] Attached SCSI disk
[    1.813020] sd 2:0:1:0: [sdb] Attached SCSI disk
[    2.123649] e1000 0000:00:08.0 eth1: (PCI:33MHz:32-bit) 08:00:27:90:14:a4
[    2.124518] e1000 0000:00:08.0 eth1: Intel(R) PRO/1000 Network Connection
[    2.126018] e1000 0000:00:08.0 enp0s8: renamed from eth1
[    2.127655] e1000 0000:00:03.0 enp0s3: renamed from eth0
Begin: Loading essential drivers ... [    3.436235] raid6: sse2x1   gen() 15171 MB/s
[    3.484057] raid6: sse2x1   xor()  8801 MB/s
[    3.532363] raid6: sse2x2   gen() 19024 MB/s
[    3.580198] raid6: sse2x2   xor() 12018 MB/s
[    3.628011] raid6: sse2x4   gen() 19805 MB/s
[e2x4   xor() 11673 MB/s
[    4.520326] raid6: avx2x1   gen() 29333 MB/s
[    4.568139] raid6: avx2x1   xor() 17520 MB/s
[    4.616012] raid6: avx2x2   gen() 33548 MB/s
[    4.664286] raid6: avx2x2   xor() 22428 MB/s
[    4.712113] raid6: avx2x4   gen() 39607 MB/s
[    4.760414] raid6: avx2x4   xor() 23576 MB/s
[    4.761050] raid6: using algorithm avx2x4 gen() 39607 MB/s
[    4.761754] raid6: .... xor() 23576 MB/s, rmw enabled
[    4.762419] raid6: using avx2x2 recovery algorithm
[    4.764269] xor: automatically using best checksumming function   avx       
[    4.766053] async_tx: api initialized (async)
done.
Begin: Running /scripts/init-premount ... done.
Begin: Mounting root file system ... Begin: Running /scripts/local-top ... done.
Begin: Running /scripts/local-premount ... [    4.797818] Btrfs loaded, crc32c=crc32c-intel
Scanning for Btrfs filesystems
done.
Warning: fsck not present, so skipping root file system
[    4.822776] EXT4-fs (sda1): mounted filesystem with ordered data mode. Opts: (null)
done.
Begin: Running /scripts/local-bottom ... done.
Begin: Running /scripts/init-bottom ... done.
[    4.943260] ip_tables: (C) 2000-2006 Netfilter Core Team
[    4.948957] systemd[1]: systemd 237 running in system mode. (+PAM +AUDIT +SELINUX +IMA +APPARMOR +SMACK +SYSVINIT +UTMP +LIBCRYPTSETUP +GCRYPT +GNUTLS +ACL +XZ +LZ4 +SECCOMP +BLKID +ELFUTILS +KMOD -IDN2 +IDN -PCRE2 default-hierarchy=hybrid)
[    4.951688] systemd[1]: Detected virtualization oracle.
[    4.952411] systemd[1]: Detected architecture x86-64.

Welcome to [1mUbuntu 18.04.6 LTS[0m!

[    4.964480] systemd[1]: Set hostname to <ubuntu>.
[    4.967151] systemd[1]: Initializing machine ID from random generator.
[    4.968136] systemd[1]: Installed transient /etc/machine-id file.
[    5.178145] systemd[1]: Created slice System Slice.
[[0;32m  OK  [0m] Created slice System Slice.
[    5.188173] systemd[1]: Listening on Device-mapper event daemon FIFOs.
[[0;32m  OK  [0m] Listening on Device-mapper event daemon FIFOs.
[    5.189379] systemd[1]: Listening on Journal Socket.
[[0;32m  OK  [0m] Listening on Journal Socket.
[    5.202488] systemd[1]: Starting Load Kernel Modules...
         Starting Load Kernel Modules...
[    5.208219] Loading iSCSI transport class v2.0-870.
[[0;32m  OK  [0m] Listening on Syslog Socket.
[    5.212569] iscsi: registered transport (tcp)
[    5.222501] iscsi: registered transport (iser)
[[0;32m  OK  [0m] Listening on udev Control Socket.
[[0;32m  OK  [0m] Listening on Journal Socket (/dev/log).
         Starting Set the console keyboard layout...
[[0;32m  OK  [0m] Listening on udev Kernel Socket.
         Starting udev Coldplug all Devices...
         Mounting POSIX Message Queue File System...
[[0;32m  OK  [0m] Reached target User and Group Name Lookups.
[[0;32m  OK  [0m] Listening on LVM2 metadata daemon socket.
         Mounting Huge Pages File System...
[[0;32m  OK  [0m] Reached target Swap.
         Starting Monitoring of LVM2 mirrorsâ€¦ng dmeventd or progress polling...
         Mounting Kernel Debug File System...
[[0;32m  OK  [0m] Created slice User and Session Slice.
[[0;32m  OK  [0m] Reached target Slices.
         Starting Uncomplicated firewall...
[[0;32m  OK  [0m] Started Forward Password Requests to Wall Directory Watch.
[[0;32m  OK  [0m] Listening on fsck to fsckd communication Socket.
         Starting File System Check on Root Device...
[[0;32m  OK  [0m] Listening on /dev/initctl Compatibility Named Pipe.
         Starting Create list of required stâ€¦ce nodes for the current kernel...
[[0;32m  OK  [0m] Listening on Journal Audit Socket.
[[0;32m  OK  [0m] Listening on Network Service Netlink Socket.
         Starting Journal Service...
[[0;32m  OK  [0m] Created slice system-serial\x2dgetty.slice.
[[0;32m  OK  [0m] Listening on LVM2 poll daemon socket.
[[0;32m  OK  [0m] Set up automount Arbitrary Executabâ€¦rmats File System Automount Point.
[[0;32m  OK  [0m] Reached target System Time Synchronized.
[[0;32m  OK  [0m] Started Journal Service.
[[0;32m  OK  [0m] Started Load Kernel Modules.
[[0;32m  OK  [0m] Mounted POSIX Message Queue File System.
[[0;32m  OK  [0m] Mounted Huge Pages File System.
[[0;32m  OK  [0m] Mounted Kernel Debug File System.
[[0;32m  OK  [0m] Started Uncomplicated firewall.
[[0;32m  OK  [0m] Started File System Check on Root Device.
[[0;32m  OK  [0m] Started Create list of required staâ€¦vice nodes for the current kernel.
[[0;32m  OK  [0m] Started udev Coldplug all Devices.
[[0;32m  OK  [0m] Started File System Check Daemon to report status.
[[0;32m  OK  [0m] Started LVM2 metadata daemon.
         Starting Create Static Device Nodes in /dev...
         Starting Remount Root and Kernel File Systems...
         Mounting FUSE Control File System...
         Starting Apply Kernel Variables...
         Mounting Kernel Configuration File System...
[[0;32m  OK  [0m] Started Monitoring of LVM2 mirrors,â€¦sing dmeventd or progress polling.
[[0;32m  OK  [0m] Started Create Static Device Nodes in /dev.
[[0;32m  OK  [0m] Started Remount Root and Kernel File Systems.
[[0;32m  OK  [0m] Mounted FUSE Control File System.
[[0;32m  OK  [0m] Started Apply Kernel Variables.
[[0;32m  OK  [0m] Mounted Kernel Configuration File System.
         Starting Load/Save Random Seed...
         Starting Flush Journal to Persistent Storage...
         Starting udev Kernel Device Manager...
[[0;32m  OK  [0m] Started Load/Save Random Seed.
[[0;32m  OK  [0m] Started udev Kernel Device Manager.
[[0;32m  OK  [0m] Started Flush Journal to Persistent Storage.
[[0;32m  OK  [0m] Found device /dev/ttyS0.
[[0;32m  OK  [0m] Listening on Load/Save RF Kill Switch Status /dev/rfkill Watch.
[[0;32m  OK  [0m] Started Set the console keyboard layout.
[[0;32m  OK  [0m] Started Dispatch Password Requests to Console Directory Watch.
[[0;32m  OK  [0m] Reached target Local Encrypted Volumes.
[[0;32m  OK  [0m] Reached target Local File Systems (Pre).
[[0;32m  OK  [0m] Reached target Local File Systems.
         Starting Create Volatile Files and Directories...
         Starting Set console font and keymap...
         Starting ebtables ruleset management...
         Starting Commit a transient machine-id on disk...
         Starting AppArmor initialization...
         Starting Tell Plymouth To Write Out Runtime Data...
[[0;32m  OK  [0m] Started Set console font and keymap.
[[0;32m  OK  [0m] Started Commit a transient machine-id on disk.
[[0;32m  OK  [0m] Started Create Volatile Files and Directories.
[[0;32m  OK  [0m] Started Tell Plymouth To Write Out Runtime Data.
         Starting Update UTMP about System Boot/Shutdown...
[[0;32m  OK  [0m] Started Update UTMP about System Boot/Shutdown.
[[0;32m  OK  [0m] Started ebtables ruleset management.
[[0;32m  OK  [0m] Started AppArmor initialization.
         Starting Load AppArmor profiles managed internally by snapd...
         Starting Initial cloud-init job (pre-networking)...
[[0;32m  OK  [0m] Started Load AppArmor profiles managed internally by snapd.
[    7.916695] cloud-init[680]: Cloud-init v. 21.4-0ubuntu1~18.04.1 running 'init-local' at Tue, 08 Feb 2022 18:54:19 +0000. Up 7.69 seconds.
[[0;32m  OK  [0m] Started Initial cloud-init job (pre-networking).
[[0;32m  OK  [0m] Reached target Network (Pre).
         Starting Network Service...
[[0;32m  OK  [0m] Started Network Service.
         Starting Wait for Network to be Configured...
         Starting Network Name Resolution...
[[0;32m  OK  [0m] Started Network Name Resolution.
[[0;32m  OK  [0m] Reached target Network.
[[0;32m  OK  [0m] Reached target Host and Network Name Lookups.
[[0;32m  OK  [0m] Started Wait for Network to be Configured.
         Starting Initial cloud-init job (metadata service crawler)...
[    9.839658] cloud-init[779]: Cloud-init v. 21.4-0ubuntu1~18.04.1 running 'init' at Tue, 08 Feb 2022 18:54:21 +0000. Up 9.75 seconds.
[    9.840475] cloud-init[779]: ci-info: ++++++++++++++++++++++++++++++++++++++Net device info+++++++++++++++++++++++++++++++++++++++
[    9.841143] cloud-init[779]: ci-info: +--------+-------+----------------------------+---------------+--------+-------------------+
[    9.842252] cloud-init[779]: ci-info: | Device |   Up  |          Address           |      Mask     | Scope  |     Hw-Address    |
[    9.843210] cloud-init[779]: ci-info: +--------+-------+----------------------------+---------------+--------+-------------------+
[    9.845511] cloud-init[779]: ci-info: | enp0s3 |  True |         10.0.2.15          | 255.255.255.0 | global | 02:e8:64:37:14:18 |
[    9.846862] cloud-init[779]: ci-info: | enp0s3 |  True | fe80::e8:64ff:fe37:1418/64 |       .       |  link  | 02:e8:64:37:14:18 |
[    9.847900] cloud-init[779]: ci-info: | enp0s8 | False |             .              |       .       |   .    | 08:00:27:90:14:a4 |
[    9.849171] cloud-init[779]: ci-info: |   lo   |  True |         127.0.0.1          |   255.0.0.0   |  host  |         .         |
[    9.860201] cloud-init[779]: ci-info: |   lo   |  True |          ::1/128           |       .       |  host  |         .         |
[    9.872315] cloud-init[779]: ci-info: +--------+-------+----------------------------+---------------+--------+-------------------+
[    9.884208] cloud-init[779]: ci-info: ++++++++++++++++++++++++++++Route IPv4 info+++++++++++++++++++++++++++++
[    9.896364] cloud-init[779]: ci-info: +-------+-------------+----------+-----------------+-----------+-------+
[    9.908263] cloud-init[779]: ci-info: | Route | Destination | Gateway  |     Genmask     | Interface | Flags |
[    9.920322] cloud-init[779]: ci-info: +-------+-------------+----------+-----------------+-----------+-------+
[    9.932836] cloud-init[779]: ci-info: |   0   |   0.0.0.0   | 10.0.2.2 |     0.0.0.0     |   enp0s3  |   UG  |
[    9.944634] cloud-init[779]: ci-info: |   1   |   10.0.2.0  | 0.0.0.0  |  255.255.255.0  |   enp0s3  |   U   |
[    9.945125] cloud-init[779]: ci-info: |   2   |   10.0.2.2  | 0.0.0.0  | 255.255.255.255 |   enp0s3  |   UH  |
[    9.945707] cloud-init[779]: ci-info: +-------+-------------+----------+-----------------+-----------+-------+
[    9.946572] cloud-init[779]: ci-info: +++++++++++++++++++Route IPv6 info+++++++++++++++++++
[    9.947239] cloud-init[779]: ci-info: +-------+-------------+---------+-----------+-------+
[    9.947987] cloud-init[779]: ci-info: | Route | Destination | Gateway | Interface | Flags |
[    9.948734] cloud-init[779]: ci-info: +-------+-------------+---------+-----------+-------+
[    9.949262] cloud-init[779]: ci-info: |   1   |  fe80::/64  |    ::   |   enp0s3  |   U   |
[    9.949868] cloud-init[779]: ci-info: |   3   |    local    |    ::   |   enp0s3  |   U   |
[    9.950642] cloud-init[779]: ci-info: |   4   |   ff00::/8  |    ::   |   enp0s3  |   U   |
[    9.951154] cloud-init[779]: ci-info: +-------+-------------+---------+-----------+-------+
[   10.364211] cloud-init[779]: Generating public/private rsa key pair.
[   10.376158] cloud-init[779]: Your identification has been saved in /etc/ssh/ssh_host_rsa_key.
[   10.388349] cloud-init[779]: Your public key has been saved in /etc/ssh/ssh_host_rsa_key.pub.
[[0;32m  OK  [0m] Started Initial cloud-init job (metadata service crawler).
[[0;32m  OK  [0m] Reached target Cloud-config availability.
[[0;32m  OK  [0m] Reached target Network is Online.
[   10.404040] cloud-init         Starting Availability of block devices...
[[0;32m  OK  [0m] Reached target Remote File Systems (Pre).
[[0;32m  OK  [0m] Reached target Remote File Systems.
[[0;32m  OK  [0m] Reached target System Initialization.
[[0;32m  OK  [0m[779]: The key fingerprint is:
[   10.424491] cloud-init[779]: SHA256:E+fjyIEn7mDMwyZylKgal3oKYPOfQ/aWKxx3e2pSKac root@ubuntu-bionic
[   10.425262] cloud-init[779]: The key's randomart image is:
[   10.425794] cloud-init[779]: +---[RSA 2048]----+
[   10.426266] cloud-init[779]: |                 |
[   10.426740] cloud-init[779]: |                 |
[   10.427212] cloud-init[779]: |        . .      |
[   10.427682] cloud-init[779]: | . .   . +       |] Listening on cloud-init hotplug hook socket.
         Starting Socket activation for snappy daemon.
[[0;32m  OK  [0m] Started Ubuntu Advantage Timer for running repeated jobs.
[[0;32m  OK  [0m] Started ACPI Events Check.
         Starting LXD - unix socket.
[[0;32m  OK  [0m] Listening on ACPID Listen Socket.
[[0;32m  OK  [0m] Started Daily apt download activities.
[[0;32m  OK  [0m] Started Daily Cleanup of Temporary Directories.
[[0;32m  OK  [0m] Listening on Open-iSCSI iscsid Socket.

[   10.436459] cloud-init[779]: |ooo   o S +      |
[   10.438642] cloud-init[779]: |+.o= = * X .     |
[[0;32m  OK  [0m] Started Trigger to poll for Ubuntu â€¦(Only enabled on GCP LTS non-pro).
[[0;32m  OK  [0m] Listening on UUID daemon activation socket.
[[0;32m  OK  [0m] Started Daily apt upgrade and clean activities.
[[0;32m  OK  [0m] Started Message of the Day.
[   10.442784] cloud-init[779]: |= =.% = X o      |
[[0;32m  OK  [0m] Started Discard unused blocks once a week.
[[0;32m  OK  [0m] Reached target Paths.
[[0;32m  OK  [0m] Reached target Timers.
[   10.445627] cloud-init[779]: |o*.+.B.E o .     |
[[0;32m  OK  [0m] Listening on D-Bus System Message Bus Socket.
[[0;32m  OK  [0m] Started Availability of block devices.
[[0;32m  OK  [0m] Listening on Socket activation for snappy daemon.
[[0;32m  OK  [0m] Listening on LXD - unix socket.
[[0;32m  OK  [0m] Reached target Sockets.
[[0;32m  OK  [0m] Reached target Basic System.
[   10.446863] cloud-init[779]: |+o   o=.+.o      |
[[0;32m  OK  [0m] Started FUSE filesystem for LXC.
         Starting LSB: Record successful boot for GRUB...
[[0;32m  OK  [0m] Started D-Bus System Message Bus.
[   10.466956] cloud-init[779]: +----[SHA256]-----+
[   10.501142] cloud-init[779]: Generating public/private dsa key pair.
[   10.501531] cloud-init[779]: Your identification has been saved in /etc/ssh/ssh_host_dsa_key.
[   10.502101] cloud-init[779]: Your public key has been saved in /etc/ssh/ssh_host_dsa_key.pub.
         Starting Permit User Sessions...
         Starting System Logging Service...
[   10.506658] cloud-init[779]: The key fingerprint is:
[   10.507165] cloud-init[779]: SHA256:OSOWcTtufkDpmSrMLARf7fatVq4HLu4+fJhi6SMMYUM root@ubuntu-bionic
[   10.507942] cloud-init[779]: The key's randomart image is:
[   10.508506] cloud-init[779]: +---[DSA 1024]----+
[   10.508986] cloud-init[779]: |                 |
[   10.510748] cloud-init         Starting Dispatcher daemon for systemd-networkd...
[[0;32m  OK  [0m] Started irqbalance daemon.
[[0;32m  OK  [0m] Started Deferred execution scheduler.
[779]: | E               |
         Starting Pollinate to seed the pseudo random number generator...
[   10.516254] cloud-init[779]: |.    .. ..       |
[[0;32m  OK  [0m] Started Regular background program processing daemon.
[   10.519337] cloud-init[779]: |oo  . .+oo       |
         Starting Virtualbox guest utils...
[   10.520985] cloud-init[779]: |.+.. .+oSo       |
[   10.522547] cloud-init[779]: |. o  .oo*+.      |
         Starting Login Service...
[   10.524136] cloud-init[779]: | + + + *o*       |
         Starting LSB: automatic crash report generation...
         Starting LXD - container startup/shutdown...
         Starting Accounts Service...
[   10.532244] cloud-init[779]: |  + X Bo= =      |
[   10.532726] cloud-init[779]: |   =.B+=+=       |
[   10.533151] cloud-init[779]: +----[SHA256]-----+
[   10.533769] cloud-init[779]: Generating public/private ecdsa key pair.
[   10.536040] cloud-init[779]: Your identification has been saved in /etc/ssh/ssh_host_ecdsa_key.
[   10.538635] cloud-init[779]: Your public key has been saved in /etc/ssh/ssh_host_ecdsa_key.pub.
[   10.552252] cloud-init[779]: The key fingerprint is:
[   10.564540] cloud-init[779]: SHA256:UeCvooiUrlUZCvPDppkAix7bpuRWdHFjVMR5tF/P89M root@ubuntu-bionic
[   10.576175] cloud-init[779]: The key's randomart image is:
[   10.576483] cloud-init[779]: +---[ECDSA 256]---+
         Starting Snap Daemon...
[[0;32m  OK  [0m] Started System Logging Service.
[[0;32m  OK  [0m] Started Permit User Sessions.
[   10.591057] cloud-init[779]: |      ..=++.     |
[   10.597775] cloud-init[779]: |     . = + ..    |
[   10.598285] cloud-init[779]: |+   . + + ..   . |
         Starting Hold until boot process finishes up...
         Starting Terminate Plymouth Boot Screen...
[[0;32m  OK  [0m] Started Hold until boot process finishes up.
[[0;32m  OK  [0m] Started Terminate Plymouth Boot Screen.
[   10.611609] cloud-init[779]: |o* o +   o  . ...|
[[0;32m  OK  [0m] Started Login Service.
[[0;32m  OK  [0m] Started Unattended Upgrades Shutdown.
         Starting Set console scheme...
[[0;32m  OK  [0m] Started Serial Getty on ttyS0.
[   10.651803] cloud-init[779]: |+.B +   S .  . .o|
[   10.689930] cloud-init[779]: |o==+     .      +|
[   10.690302] cloud-init[779]: |+*oo  . .      .E|
[   10.690579] cloud-init[779]: |=+o. . .        .|
[   10.692587] cloud-init[779]: |=+. .            |
[   10.692882] cloud-init[779]: +----[SHA256]-----+
[   10.693392] cloud-init[779]: Generating public/private ed25519 key pair.
[   10.695683] cloud-init[779]: Your identification has been saved in /etc/ssh/ssh_host_ed25519_key.
[   10.699147] cloud-init[779]: Your public key has been saved in /etc/ssh/ssh_host_ed25519_key.pub.
[   10.699742] cloud-init[779]: The key fingerprint is:
[   10.701196] cloud-init[779]: SHA256:3M7XW2iGQbceZ0SVGVi2oAAk1Qh0dmF2bSti1nvqpsA root@ubuntu-bionic
[   10.712300] cloud-init[779]: The key's randomart image is:
[   10.712554] cloud-init[779]: +--[ED25519 256]--+
[   10.713232] cloud-init[779]: |    .++*+*....o+B|
[   10.713473] cloud-init[779]: |      +.+.o .+o+.|
[   10.713982] cloud-init[779]: |          ..o o..|
[   10.726660] cloud-init[779]: |       . = + o o |
[[0;32m  OK  [0m] Started Set console scheme.
[[0;32m  OK  [0m] Created slice system-getty.slice.
[[0;32m  OK  [0m] Started Getty on tty1.
[[0;32m  OK  [0m] Reached target Login Prompts.
         Starting Authorization Manager...
[   10.828076] cloud-init[779]: |        S o + o o|
[   10.828976] cloud-init[779]: |      .  o . * = |
[   10.829641] cloud-init[779]: |       E  o = * .|
[[0;32m  OK  [0m] Started LSB: automatic crash report generation.
[   10.834653] cloud-init[779]: |        .  + o o |
[   10.845282] cloud-init[779]: |         .+.  .  |
[   10.846501] cloud-init[779]: +----[SHA256]-----+
[[0;32m  OK  [0m] Started LSB: Record successful boot for GRUB.
[[0;32m  OK  [0m] Started Authorization Manager.
[[0;32m  OK  [0m] Started Accounts Service.
[[0;32m  OK  [0m] Started Virtualbox guest utils.
[[0;32m  OK  [0m] Started LXD - container startup/shutdown.
[[0;32m  OK  [0m] Started Dispatcher daemon for systemd-networkd.
[[0;32m  OK  [0m] Started Snap Daemon.
         Starting Wait until snapd is fully seeded...
[[0;32m  OK  [0m] Started Pollinate to seed the pseudo random number generator.
         Starting OpenBSD Secure Shell server...
[[0;32m  OK  [0m] Started OpenBSD Secure Shell server.
[[0;32m  OK  [0m] Started Wait until snapd is fully seeded.
[[0;32m  OK  [0m] Reached target Multi-User System.
[[0;32m  OK  [0m] Reached target Graphical Interface.
         Starting Update UTMP about System Runlevel Changes...
         Starting Apply the settings specified in cloud-config...
[[0;32m  OK  [0m] Started Update UTMP about System Runlevel Changes.
[[0;32m  OK  [0m] Created slice User Slice of vagrant.
         Starting User Manager for UID 1000...
[[0;32m  OK  [0m] Started Session 1 of user vagrant.
[[0;32m  OK  [0m] Started User Manager for UID 1000.
[   14.546276] cloud-init[1243]: Cloud-init v. 21.4-0ubuntu1~18.04.1 running 'modules:config' at Tue, 08 Feb 2022 18:54:25 +0000. Up 14.08 seconds.
[[0;32m  OK  [0m] Started Apply the settings specified in cloud-config.
         Starting Execute cloud user/final scripts...
ci-info: no authorized SSH keys fingerprints found for user ubuntu.
<14>Feb  8 18:54:27 cloud-init: #############################################################
<14>Feb  8 18:54:27 cloud-init: -----BEGIN SSH HOST KEY FINGERPRINTS-----
<14>Feb  8 18:54:27 cloud-init: 1024 SHA256:OSOWcTtufkDpmSrMLARf7fatVq4HLu4+fJhi6SMMYUM root@ubuntu-bionic (DSA)
<14>Feb  8 18:54:27 cloud-init: 256 SHA256:UeCvooiUrlUZCvPDppkAix7bpuRWdHFjVMR5tF/P89M root@ubuntu-bionic (ECDSA)
<14>Feb  8 18:54:27 cloud-init: 256 SHA256:3M7XW2iGQbceZ0SVGVi2oAAk1Qh0dmF2bSti1nvqpsA root@ubuntu-bionic (ED25519)
<14>Feb  8 18:54:27 cloud-init: 2048 SHA256:E+fjyIEn7mDMwyZylKgal3oKYPOfQ/aWKxx3e2pSKac root@ubuntu-bionic (RSA)
<14>Feb  8 18:54:27 cloud-init: -----END SSH HOST KEY FINGERPRINTS-----
<14>Feb  8 18:54:27 cloud-init: #############################################################
-----BEGIN SSH HOST KEY KEYS-----
ecdsa-sha2-nistp256 AAAAE2VjZHNhLXNoYTItbmlzdHAyNTYAAAAIbmlzdHAyNTYAAABBBPdo5vK/hQd2pjdtY/t30bV2Huwqp9rnmJvq59KmaxIGbdUBXc2SwB39HaX4KgngAN9WfopDY0XWQGxaU63xNOw= root@ubuntu-bionic
ssh-ed25519 AAAAC3NzaC1lZDI1NTE5AAAAIE+viu39vqqEvazGAp1lxwuChV2CI6JQpaKb7rNCllmT root@ubuntu-bionic
ssh-rsa AAAAB3NzaC1yc2EAAAADAQABAAABAQDbX3bfX215iTO5540CuL/Bd8as9T1DIP/g7ypj/KF8P7XRlu+FoJ9BGq9CsfzWTknhsiZ9l75zEBLRfHfQJfCNkJmrjeOZQgtWTmm5jRcmTFGsmXOC4+wwihwSlLZVy4+dgZ9N0rG1r4xu/NWLbUv2mksNLIxRFYX2qYWusrmcuiZ6tPfGnevCM25ogg2JuNrnGOVWnAcWVGiXmy+ca92ihGIIfhs2eug3d8HoJ3EQzHvhNIbc8cC0WX7Mnp6S6fh5vZepnlOWUdsIA36BSSqIHMOAjdBS82CMDiayxMP/As9ZUBGoA9I7OQSFHercdUgL78nSNgGe9Ewst+1shYaL root@ubuntu-bionic
-----END SSH HOST KEY KEYS-----
[   15.464399] cloud-init[1354]: Cloud-init v. 21.4-0ubuntu1~18.04.1 running 'modules:final' at Tue, 08 Feb 2022 18:54:27 +0000. Up 15.27 seconds.
[   15.478221] cloud-init[1354]: ci-info: no authorized SSH keys fingerprints found for user ubuntu.
[   15.489371] cloud-init[1354]: Cloud-init v. 21.4-0ubuntu1~18.04.1 finished at Tue, 08 Feb 2022 18:54:27 +0000. Datasource DataSourceNoCloud [seed=/dev/sdb][dsmode=net].  Up 15.44 seconds
[[0;32m  OK  [0m] Started Execute cloud user/final scripts.
[[0;32m  OK  [0m] Reached target Cloud-init target.

Ubuntu 18.04.6 LTS ubuntu-bionic ttyS0

ubuntu-bionic login: 